Dispatcher name='SA(proto=1,addr=AF_INET(0.0.0.0:50011))' flags=''
        proxy_port='50011', num_rules='36'
        rule_id='1', service='pityuka'
           iface=['eth0'] 
           ifgroup=[2] 
           proto=['TCP'] 
           src_port=[(80, 80)] 
           dst_port=[(12, 12)] 
           src_ip=[('1.2.3.4', '255.255.255.255')] 
           src_zone=['internet'] 
           dst_ip=[('1.2.3.4', '255.255.255.255')] 
           dst_zone=['internet'] 

        rule_id='2', service='pityuka'
           iface=['eth0'] 

        rule_id='3', service='pityuka'
           iface=['eth0'] 

        rule_id='4', service='pityuka'
           iface=['eth0', 'eth1'] 

        rule_id='20', service='pityuka'
           ifgroup=[2] 

        rule_id='5', service='pityuka'
           ifgroup=[2, 3, 4] 

        rule_id='6', service='pityuka'
           proto=['TCP'] 

        rule_id='7', service='pityuka'
           proto=['UDP'] 

        rule_id='8', service='pityuka'
           src_port=[(80, 80)] 

        rule_id='9', service='pityuka'
           src_port=[(90, 90)] 

        rule_id='10', service='pityuka'
           src_port=[(100, 110)] 

        rule_id='11', service='pityuka'
           src_port=[(120, 120), (121, 122), (123, 123)] 

        rule_id='12', service='pityuka'
           dst_port=[(80, 80)] 

        rule_id='13', service='pityuka'
           dst_port=[(90, 90)] 

        rule_id='14', service='pityuka'
           dst_port=[(100, 110)] 

        rule_id='15', service='pityuka'
           dst_port=[(120, 120), (121, 122), (123, 123)] 

        rule_id='16', service='pityuka'
           src_ip=[('1.2.3.4', '255.255.255.255')] 

        rule_id='17', service='pityuka'
           src_ip=[('1.2.3.5', '255.255.255.255')] 

        rule_id='18', service='pityuka'
           src_ip=[('10.0.0.0', '255.0.0.0')] 

        rule_id='19', service='pityuka'
           src_ip=[('172.16.0.0', '255.255.0.0')] 

        rule_id='21', service='pityuka'
           src_ip=[('192.168.1.0', '255.255.255.0')] 

        rule_id='22', service='pityuka'
           src_ip=[('192.168.2.0', '255.255.255.0')] 

        rule_id='23', service='pityuka'
           src_ip=[('192.168.3.0', '255.255.255.0'), ('172.16.0.0', '255.255.128.0'), ('10.0.0.0', '255.128.0.0')] 

        rule_id='24', service='pityuka'
           dst_ip=[('1.2.3.4', '255.255.255.255')] 

        rule_id='25', service='pityuka'
           dst_ip=[('1.2.3.5', '255.255.255.255')] 

        rule_id='26', service='pityuka'
           dst_ip=[('10.0.0.0', '255.0.0.0')] 

        rule_id='27', service='pityuka'
           dst_ip=[('172.16.0.0', '255.255.0.0')] 

        rule_id='28', service='pityuka'
           dst_ip=[('192.168.1.0', '255.255.255.0')] 

        rule_id='29', service='pityuka'
           dst_ip=[('192.168.2.0', '255.255.255.0')] 

        rule_id='30', service='pityuka'
           dst_ip=[('192.168.3.0', '255.255.255.0'), ('172.16.0.0', '255.255.128.0'), ('10.0.0.0', '255.128.0.0')] 

        rule_id='31', service='pityuka'
           src_zone=['internet'] 

        rule_id='32', service='pityuka'
           src_zone=['internet'] 

        rule_id='33', service='pityuka'
           src_zone=['enternet', 'internet'] 

        rule_id='34', service='pityuka'
           dst_zone=['internet'] 

        rule_id='35', service='pityuka'
           dst_zone=['internet'] 

        rule_id='36', service='pityuka'
           dst_zone=['enternet', 'internet'] 

Dispatcher name='SA(proto=1,addr=AF_INET(0.0.0.0:50010))' flags=''
        proxy_port='50010', num_rules='2'
        rule_id='452', service='pityuka'
           iface=['eth0', 'eth1'] 
           ifgroup=[2, 9] 
           proto=['TCP'] 
           src_port=[(80, 80)] 
           dst_port=[(12, 12), (23, 24)] 
           src_ip=[('1.2.3.0', '255.255.255.0'), ('10.0.0.0', '255.0.0.0')] 
           src_zone=['internet', 'internet'] 
           dst_ip=[('2.3.4.5', '255.255.255.255')] 
           dst_zone=['internet'] 

        rule_id='1', service='pityuka'
           iface=['eth0'] 
           dst_zone=['internet'] 

Dispatcher name='SA(proto=1,addr=AF_INET(0.0.0.0:50012))' flags=''
        proxy_port='50012', num_rules='1'
        rule_id='1', service='patyuka'
           iface=['eth0', 'eth1'] 

